procs -----------memory---------- ---swap-- -----io---- -system-- ------cpu-----
 r  b   swpd   free   buff  cache   si   so    bi    bo   in   cs us sy id wa st
 7  0      0 81416792 228316 398759872    0    0    21    41    0    0  4  1 95  0  0
 7  0      0 81414280 228324 398759680    0    0     0   724 24395 43072  8  1 90  0  0
 6  0      0 81419664 228324 398759072    0    0     0   941 21135 43592  8  1 90  0  0
 5  0      0 81445416 228324 398760352    0    0     0   885 18280 37175  7  1 92  0  0
 8  0      0 81448872 228324 398761664    0    0     0  5535 28945 48461  6  1 92  0  0
 5  0      0 81444904 228324 398763808    0    0     0  6582 28831 69818  9  2 89  0  0
 4  0      0 81436552 228332 398766400    0    0     0  7003 27745 70624  8  1 90  0  0
 8  0      0 81430512 228332 398769600    0    0     0  6274 28543 70945  8  1 91  0  0
 6  0      0 81428096 228332 398772416    0    0     0  6490 33150 73326  9  2 89  0  0
 6  0      0 81433616 228332 398775712    0    0     0  6827 29033 72803  8  1 91  0  0
 7  0      0 81450104 228332 398777024    0    0     0  5047 19163 50784  5  1 94  0  0
 5  0      0 81430368 228332 398778560    0    0     0  5111 36823 49624  7  1 91  0  0
 3  0      0 81428384 228332 398783040    0    0     0  4983 24273 55314  8  1 91  0  0
 4  0      0 81435360 228332 398781376    0    0     0  4409 22363 52708  8  1 92  0  0
 9  1      0 81475632 228332 398781888    0    0     0  3940 21945 52289  7  1 92  0  0
 5  0      0 81267664 228340 398783680    0    0     0  4258 23710 58955  9  1 90  0  0
 5  0      0 81460328 228348 398787584    0    0     0  4582 17179 39609  4  1 95  0  0
 5  0      0 81455344 228348 398785792    0    0     0  4560 29292 44601  7  1 92  0  0
 8  0      0 81454240 228348 398785696    0    0     3  4859 25303 56461  8  1 90  0  0
 4  0      0 81449312 228348 398787040    0    0     0  3832 29000 50319  8  1 91  0  0
 3  0      0 81403672 228348 398787264    0    0     0  4858 28183 54248  7  1 92  0  0
procs -----------memory---------- ---swap-- -----io---- -system-- ------cpu-----
 r  b   swpd   free   buff  cache   si   so    bi    bo   in   cs us sy id wa st
 6  0      0 81442560 228348 398787392    0    0     0  4412 20139 45399  7  1 92  0  0
 5  0      0 81435872 228348 398788640    0    0     0  3850 35200 51637  8  1 91  0  0
 6  1      0 81438704 228348 398789568    0    0     0  3594 23124 52211  9  2 89  0  0
 4  0      0 81451808 228348 398791104    0    0     0  4351 22298 52217  9  1 90  0  0
67  0      0 81435520 228352 398791392    0    0     0  4089 23795 52976  9  1 89  0  0
 6  0      0 81405520 228356 398792672    0    0     1  3927 30403 52410  9  1 90  0  0
 9  0      0 81461328 228360 398793536    0    0     0  3742 18681 43950  7  1 92  0  0
 8  0      0 81454320 228360 398795520    0    0     0  4705 27279 45784  7  1 92  0  0
 7  1      0 81434160 228360 398795712    0    0     0  3980 23680 54295  8  1 90  0  0
 4  0      0 81449696 228364 398796672    0    0     0  4366 23938 56136  9  1 90  0  0
 5  0      0 81462488 228364 398796928    0    0     0  5064 22868 55577  8  1 91  0  0
 5  0      0 81475504 228364 398798656    0    0     0  5079 19578 54794  8  1 92  0  0
 7  0      0 81485568 228368 398800640    0    0     0  4239 17556 46765  6  1 93  0  0
 6  0      0 81525816 228368 398807936    0    0     0  5884 31072 49207  6  1 92  0  0
 8  0      0 81505344 228376 398808352    0    0     0  4497 20824 54499  8  1 92  0  0
 4  0      0 81497456 228376 398808928    0    0     0  4673 32409 52367  7  1 92  0  0
 7  0      0 81487088 228384 398810048    0    0     0  4912 43609 55493  9  1 90  0  0
 4  0      0 81508128 228384 398811264    0    0     0  4241 23420 53421  8  1 91  0  0
 5  0      0 81518488 228384 398809024    0    0     0  6527 16322 41726  6  1 93  0  0
 4  0      0 81512776 228384 398809280    0    0     0  3876 25678 29112  5  1 94  0  0
 4  0      0 81496272 228384 398809088    0    0     0  1992 19351 47149  8  1 91  0  0
procs -----------memory---------- ---swap-- -----io---- -system-- ------cpu-----
 r  b   swpd   free   buff  cache   si   so    bi    bo   in   cs us sy id wa st
 6  0      0 81501568 228384 398809536    0    0     0  8655 28842 74310  8  1 91  0  0
 9  0      0 81497480 228384 398812032    0    0     0  8474 27125 74279  9  1 90  0  0
66  0      0 81481016 228388 398812672    0    0     0  7082 31816 73844  9  2 90  0  0
 8  0      0 81481904 228388 398814624    0    0     0  7010 24615 66633  7  1 91  0  0
 7  0      0 81497544 228388 398816768    0    0     0  7373 24184 64185  5  1 93  0  0
 8  0      0 81462496 228388 398817984    0    0     0  5623 40294 62924  9  2 89  1  0
 6  0      0 81487904 228388 398818496    0    0     3  4882 21505 55312  9  1 90  0  0
27  0      0 81488416 228388 398818784    0    0     0  4670 20271 53279  9  1 90  0  0
17  0      0 81476128 228388 398818784    0    0     0  3603 20050 49637  8  1 90  0  0
 7  0      0 81483888 228392 398820288    0    0     0  4423 22069 56108  9  1 90  0  0
10  0      0 81479744 228392 398821120    0    0     0  8334 28993 72536  7  2 91  0  0
11  0      0 81470928 228392 398823200    0    0     0  9526 39594 84689  9  2 89  0  0
10  0      0 81490080 228400 398824544    0    0     0  9259 33223 89815  9  2 88  0  0
27  0      0 81560312 228400 398777312    0    0     0 10036 39877 89019 10  2 88  0  0
 7  0      0 81524808 228400 398778368    0    0     0  9389 32167 88003 10  2 88  0  0
 9  0      0 81505000 228400 398779360    0    0     0  8651 30673 83685  8  2 89  0  0
 6  0      0 81547088 228404 398782112    0    0     0  5383 19793 51171  6  1 93  0  0
 5  0      0 81548320 228404 398781920    0    0     0  4445 34002 41351  6  1 93  0  0
 9  0      0 81563840 228404 398782496    0    0     0  3893 19865 51447  9  1 90  0  0
 3  0      0 81613952 228404 398783296    0    0     0  4636 19015 52275  8  1 91  0  0
 4  0      0 81622400 228404 398783424    0    0     0  4431 18779 50915  7  1 92  0  0
procs -----------memory---------- ---swap-- -----io---- -system-- ------cpu-----
 r  b   swpd   free   buff  cache   si   so    bi    bo   in   cs us sy id wa st
 8  0      0 81573072 228404 398783968    0    0     0  4906 20041 50573  8  1 91  0  0
 7  0      0 81640448 228404 398785248    0    0     0  4489 20203 49074  7  1 92  0  0
 7  1      0 81640976 228408 398785856    0    0     0  3960 23627 37955  6  1 93  0  0
 9  0      0 81618472 228408 398788960    0    0     0  9942 32030 97004  8  2 89  0  0
 7  0      0 81638848 228408 398795104    0    0     0 11043 33859 100380 10  2 88  0  0
 8  0      0 81619664 228408 398794400    0    0     0 11409 31405 98187  9  2 89  0  0
49  0      0 81614144 228408 398795584    0    0     0 11598 32666 101415  9  2 89  0  0
12  0      0 81563240 228408 398800672    0    0     0 11134 34263 99231  9  2 89  0  0
 7  0      0 81640592 228408 398798720    0    0     0 11151 31381 97034  6  2 91  0  0
 9  0      0 81636888 228408 398799168    0    0     0  5463 23314 51060  7  1 92  0  0
 6  0      0 81625696 228412 398800128    0    0     0  5448 20831 57713  8  1 91  0  0
10  2      0 81634504 228412 398800224    0    0     0  5074 22592 57966 10  1 89  0  0
 7  0      0 81630752 228412 398802208    0    0     0  4505 21654 56307  9  1 90  0  0
22  0      0 81387432 228412 398807360    0    0     0 12009 43975 118354 11  3 86  0  0
10  0      0 81624728 228420 398814656    0    0     0 11745 33548 93854  8  2 89  0  0
12  1      0 81637104 228420 398815936    0    0     0 14182 40818 112236  9  3 88  0  0
 7  0      0 81629344 228420 398822144    0    0     0 14224 39367 122188 11  3 86  0  0
13  1      0 81625088 228420 398820160    0    0     0 14387 40793 124278 10  3 87  0  0
 7  0      0 81635176 228420 398825664    0    0     0 13478 43282 119297 11  3 86  0  0
 7  0      0 81671872 228420 398823552    0    0     0  5671 22856 56174  8  1 91  0  0
 5  0      0 81712928 228420 398824192    0    0     0  5416 20122 47828  6  1 93  0  0
procs -----------memory---------- ---swap-- -----io---- -system-- ------cpu-----
 r  b   swpd   free   buff  cache   si   so    bi    bo   in   cs us sy id wa st
 6  0      0 81688464 228420 398825120    0    0     0  5383 49187 59942  8  1 91  0  0
 4  0      0 81683088 228420 398825152    0    0     0  5752 23503 56286  8  1 92  0  0
 7  0      0 81716256 228420 398825696    0    0     1  6207 25029 61121  8  1 91  0  0
 4  0      0 81740048 228424 398827264    0    0     0  5859 23299 58298  8  1 90  0  0
12  0      0 81532432 228424 398828416    0    0     0  6618 23101 61792  8  1 91  0  0
 3  0      0 97722640 228424 398813632    0    0     0  5815 20296 42530  4  1 95  0  0
10  0      0 97995968 228424 398813408    0    0     0  5466 21364 47540  5  1 94  0  0
 3  0      0 97980040 228428 398814336    0    0     0  5578 17803 42665  4  1 95  0  0
 4  0      0 97921712 228428 398814432    0    0     0  6339 18551 46458  3  0 96  0  0
10  0      0 97846912 228436 398815584    0    0     0  5464 19638 45683  4  1 96  0  0
 8  0      0 97829376 228436 398816128    0    0     0  5911 17722 43030  3  0 96  0  0
 5  0      0 97834752 228436 398816192    0    0     0  5703 17285 48377  3  0 96  0  0
 5  0      0 97900616 228436 398817568    0    0     0  6495 18561 44672  4  1 96  0  0
 3  0      0 97885920 228436 398817952    0    0     0  5867 19715 47712  4  1 96  0  0
 3  0      0 97866368 228436 398818912    0    0     0  6675 17084 43367  3  0 96  0  0
 3  0      0 97853144 228436 398818464    0    0     0  5756 18194 43661  4  0 96  0  0
 5  0      0 97898800 228440 398819456    0    0     0  5498 20186 44826  4  1 95  0  0
 6  0      0 97929920 228440 398820160    0    0     0  5619 19959 44371  4  1 95  0  0
 4  0      0 97904128 228440 398823904    0    0     0  5605 19355 39930  4  1 95  0  0
 3  0      0 97879616 228444 398821216    0    0    10  4918 19963 42565  4  1 95  0  0
 6  0      0 97627624 228444 398821888    0    0     0  6729 19647 41847  4  1 94  0  0
procs -----------memory---------- ---swap-- -----io---- -system-- ------cpu-----
 r  b   swpd   free   buff  cache   si   so    bi    bo   in   cs us sy id wa st
 4  0      0 97304912 228444 398822656    0    0     0  4796 21144 42437  6  1 93  0  0
 8  0      0 97041584 228444 398823168    0    0     0  4569 19716 52267  5  2 93  0  0
 7  0      0 97152128 228444 398823584    0    0     0  4683 18182 41890  5  1 94  0  0
 7  0      0 97093928 228444 398823648    0    0     0  4281 17357 38775  5  1 94  0  0
 6  0      0 96160128 228444 400022336    0    0     0  5837 15248 37308  4  1 95  0  0
 7  0      0 97345760 228448 398825920    0    0     0 32730 16757 40454  4  1 95  0  0
 6  1      0 97345712 228448 398827584    0    0     0 489780 22053 39995  5  2 93  0  0
 6  0      0 97448280 228452 398828000    0    0     0  5407 15881 37584  5  1 95  0  0
 5  0      0 97430320 228452 398828704    0    0     0  5993 17031 39921  4  1 95  0  0
 7  0      0 97419008 228452 398829664    0    0     0  5032 18968 42131  5  1 94  0  0
 4  0      0 97414048 228460 398833024    0    0     0  5990 18768 43924  5  1 94  0  0
 6  0      0 97391920 228460 398830720    0    0     0  5858 15810 39318  4  0 95  0  0
 4  0      0 97492384 228460 398830976    0    0     0  5271 18522 43293  5  1 94  0  0
 3  0      0 97464352 228460 398832256    0    0     0  5948 18380 43495  5  1 94  0  0
 6  0      0 97434800 228468 398835200    0    0     0  5042 17143 46619  5  1 94  0  0
 6  0      0 97395424 228468 398832896    0    0     0  5076 18351 43028  5  1 95  0  0
 3  0      0 97496864 228468 398833632    0    0     0  4893 19339 44425  5  1 94  0  0
 4  0      0 97441336 228468 398833920    0    0     0  4912 17070 42157  5  1 95  0  0
 5  0      0 97499152 228468 398834688    0    0     0  6052 17106 41611  5  1 95  0  0
24  0      0 98500448 228468 398821952    0    0     0  4754 21133 46207  7  1 92  0  0
16  0      0 97181712 228468 398821728    0    0     0  6828 21090 44645 14  1 84  0  0
procs -----------memory---------- ---swap-- -----io---- -system-- ------cpu-----
 r  b   swpd   free   buff  cache   si   so    bi    bo   in   cs us sy id wa st
15  0      0 96986448 228468 398825536    0    0     0 10438 27636 74071 12  1 87  0  0
12  0      0 96791280 228468 398824576    0    0     0 12515 28498 77787  8  1 90  0  0
 9  0      0 96765880 228468 398826880    0    0     0 12924 28033 75958  8  2 90  0  0
 9  0      0 96664464 228476 398829024    0    0     0 14197 28904 77283  7  1 91  0  0
 9  0      0 96708320 228480 398831520    0    0     0 15069 27921 78105  7  2 91  0  0
10  0      0 96742976 228488 398836928    0    0     0 14462 27773 81652  7  2 92  0  0
 8  1      0 96679552 228492 398836128    0    0     0 16105 28224 82704  7  1 91  0  0
10  1      0 96723584 228492 398840864    0    0     0 16136 26256 79754  6  1 93  0  0
 8  0      0 96778256 228492 398844896    0    0     0 16464 25890 82465  6  1 93  0  0
 7  0      0 96719136 228492 398847200    0    0     0 15876 26101 77974  6  1 92  0  0
 8  0      0 96621792 228492 398851360    0    0     0 16213 26769 81959  6  1 92  0  0
 6  1      0 96679416 228492 398856448    0    0     0 16422 25758 88431  6  1 93  0  0
 8  0      0 96600416 228500 398857024    0    0     0 16406 26591 80059  6  1 92  0  0
 5  0      0 96638768 228500 398862880    0    0     0 17121 26558 82058  7  1 92  0  0
24  0      0 96694384 228500 398862336    0    0     0 16474 25451 80499  6  1 93  0  0
 7  0      0 96607816 228500 398865184    0    0     0 17497 25769 79212  7  1 92  0  0
10  0      0 96664000 228500 398867904    0    0     0 16903 28201 82298  6  1 92  0  0
10  0      0 96600992 228500 398873920    0    0     0 17246 26280 90346  6  1 93  0  0
 6  0      0 96651688 228508 398873568    0    0     0 16897 24000 79069  6  1 93  0  0
13  1      0 96580776 228508 398876576    0    0     0 16713 27416 80541  7  1 92  0  0
10  0      0 96616896 228512 398879648    0    0     1 16740 24563 78186  6  1 93  0  0
procs -----------memory---------- ---swap-- -----io---- -system-- ------cpu-----
 r  b   swpd   free   buff  cache   si   so    bi    bo   in   cs us sy id wa st
10  0      0 96687056 228512 398881984    0    0     0 17356 25765 82112  6  1 93  0  0
69  0      0 96629552 228520 398884928    0    0     0 16524 26654 78934  7  1 92  0  0
11  1      0 96575408 228520 398887136    0    0     0 16371 27291 78429  7  1 92  0  0
 9  0      0 96645936 228520 398889856    0    0     0 17018 28055 81198  7  2 91  0  0
 9  0      0 96583408 228520 398892768    0    0     0 17398 28716 84857  7  1 92  0  0
 7  0      0 96667720 228520 398896544    0    0     0 17117 27225 78819  7  1 92  0  0
 9  0      0 96442384 228520 399028544    0    0     0 24512 26593 78321  6  1 92  0  0
 7  0      0 96493824 228520 399031232    0    0     0 16000 27645 76345  7  1 92  0  0
17  0      0 96522512 228520 399037632    0    0     0 42983 29350 87765  7  2 91  0  0
10  0      0 96461408 228520 399031104    0    0     0 34744 27802 78879  7  1 91  0  0
 8  1      0 96506648 228520 399031104    0    0     0 17278 25128 79644  6  1 93  0  0
10  0      0 96516744 228520 399036160    0    0     0 18559 23786 80542  6  1 93  0  0
 8  0      0 96549200 228520 399038976    0    0     0 17774 25743 80871  6  1 93  0  0
10  0      0 96610208 228520 399042816    0    0     0 18561 26809 83739  6  1 93  0  0
 6  1      0 96661256 228520 399049504    0    0     0 16786 25821 79008  6  1 93  0  0
 9  0      0 96558416 228520 399052064    0    0     0 18371 25795 83242  6  1 93  0  0
 7  0      0 96599976 228520 399051744    0    0     0 18640 28392 86216  7  1 92  0  0
 5  0      0 96665776 228524 399055232    0    0     0 18178 25023 80397  6  1 93  0  0
 7  0      0 96707440 228532 399058016    0    0     0 17696 25117 81178  6  1 93  0  0
 7  0      0 96609112 228532 399065440    0    0     0 18618 27536 83398  7  1 92  0  0
 7  0      0 96656736 228540 399065632    0    0     0 18030 25514 86739  6  1 93  0  0
procs -----------memory---------- ---swap-- -----io---- -system-- ------cpu-----
 r  b   swpd   free   buff  cache   si   so    bi    bo   in   cs us sy id wa st
68  0      0 96687632 228540 399068800    0    0     0 18174 24788 81539  6  1 93  0  0
 8  0      0 96702752 228540 399073856    0    0     0 16783 27040 78716  7  1 92  0  0
 8  1      0 96738488 228548 399076800    0    0     0 17312 25092 79678  6  1 93  0  0
10  0      0 96645760 228548 399076128    0    0     0 17274 24452 77882  6  1 93  0  0
 8  0      0 97109928 228548 399167744    0    0   341 34583 32510 82243  7  2 91  0  0
 6  0      0 97071928 228556 399204512    0    0  6890 15489 29618 74989  6  2 92  0  0
 9  0      0 97031648 228560 399217664    0    0     8 15478 28954 75380  7  2 92  0  0
 7  0      0 97250688 228564 399217824    0    0     0 17907 30446 77552  7  2 92  0  0
71  0      0 97265960 228564 399220256    0    0     3 14723 27540 71564  6  1 92  0  0
 6  0      0 97310120 228568 399221632    0    0     0 14746 27241 71016  6  1 92  0  0
 7  0      0 97324432 228568 399224256    0    0     0 15626 25907 70378  6  2 92  0  0
 7  0      0 97357784 228568 399226944    0    0     0 14138 25967 72695  6  2 92  0  0
 8  1      0 97374336 228568 399229184    0    0     0 13802 25500 66920  6  2 92  0  0
 5  0      0 97388528 228568 399231456    0    0     0 14968 26581 71762  6  2 92  0  0
 9  1      0 97402856 228568 399235968    0    0     0 14344 24934 67898  6  1 92  0  0
 6  1      0 97412016 228568 399235104    0    0     0 14328 23240 67010  5  1 94  0  0
 7  0      0 97423584 228568 399237440    0    0     0 14756 23941 68623  5  1 94  0  0
10  1      0 97433472 228568 399239040    0    0     0 14645 25264 69233  6  1 93  0  0
 6  0      0 97441880 228568 399240928    0    0     0 14248 23569 66515  5  1 93  0  0
 5  1      0 97449632 228568 399243104    0    0     0 14495 23755 69119  5  1 94  0  0
 6  0      0 97445952 228572 399245120    0    0     0 14393 23513 66908  6  1 93  0  0
procs -----------memory---------- ---swap-- -----io---- -system-- ------cpu-----
 r  b   swpd   free   buff  cache   si   so    bi    bo   in   cs us sy id wa st
 7  0      0 97464528 228576 399238464    0    0     0 15252 25095 70178  6  1 93  0  0
 6  0      0 97462816 228576 399241472    0    0     0 14777 22206 64079  5  1 94  0  0
 6  1      0 97486784 228580 399243456    0    0     0 13307 21803 66398  5  1 94  0  0
 8  0      0 97491232 228580 399245536    0    0     0 14218 26026 69372  6  1 92  0  0
 7  0      0 97498576 228580 399249664    0    0     0 14922 22810 66329  5  1 94  0  0
 3  0      0 97515616 228580 399249216    0    0     0 14769 22626 66521  5  1 94  0  0
 6  0      0 97504080 228580 399251072    0    0     0 14555 24607 68396  6  1 93  0  0
 5  1      0 97513184 228588 399253152    0    0     0 14841 23588 67108  5  1 93  0  0
 6  0      0 97523408 228588 399255296    0    0     0 14997 22986 68095  5  1 94  0  0
 4  0      0 97524240 228588 399258432    0    0     0 15886 26966 73621  6  1 93  0  0
10  1      0 97518960 228588 399260352    0    0     0 15367 28695 73331  6  2 92  0  0
 8  0      0 97518040 228588 399262592    0    0     0 15165 26361 70834  6  2 92  0  0
 7  0      0 97509120 228596 399264000    0    0     0 15334 26708 71369  6  2 92  0  0
 4  0      0 97503000 228596 399266688    0    0     0 15260 26952 72254  6  2 92  0  0
 9  0      0 97508136 228604 399268960    0    0     0 16138 28493 78972  6  2 92  0  0
 5  0      0 97502704 228604 399270592    0    0     0 15026 27190 72576  6  2 92  0  0
 4  0      0 97488640 228612 399266496    0    0     0  6467 15954 28267  5  1 94  0  0
 5  0      0 97495696 228612 399265760    0    0     1  6965 15563 28038  5  1 94  0  0
 8  0      0 97497992 228612 399266112    0    0     0  1719 15924 26237  5  1 95  0  0
32  0      0 97503440 228616 399266304    0    0     0   321 15728 27124  5  1 94  0  0
 4  0      0 97513312 228616 399266080    0    0     0   692 12883 24026  4  0 96  0  0
procs -----------memory---------- ---swap-- -----io---- -system-- ------cpu-----
 r  b   swpd   free   buff  cache   si   so    bi    bo   in   cs us sy id wa st
 3  0      0 97521432 228616 399266848    0    0     0  2079 13080 23045  4  1 95  0  0
 4  0      0 97528248 228616 399266528    0    0     0   283 13657 24565  4  1 95  0  0
